******************************************************************************
                  TI ARM Linker PC v20.2.7                     
******************************************************************************
>> Linked Mon Mar  3 18:37:16 2025

OUTPUT FILE NAME:   <Lab02.out>
ENTRY POINT SYMBOL: "_c_int00_noargs"  address: 00002fe9


MEMORY CONFIGURATION

         name            origin    length      used     unused   attr    fill
----------------------  --------  ---------  --------  --------  ----  --------
  FLASH                 00000000   00040000  00003331  0003cccf  R  X
  SRAM                  20000000   00008000  0000231f  00005ce1  RW X


SEGMENT ALLOCATION MAP

run origin  load origin   length   init length attrs members
----------  ----------- ---------- ----------- ----- -------
00000000    00000000    00003338   00003338    r-x
  00000000    00000000    0000026c   0000026c    r-- .intvecs
  0000026c    0000026c    00002f7c   00002f7c    r-x .text
  000031e8    000031e8    00000109   00000109    r-- .const
  000032f8    000032f8    00000040   00000040    r-- .cinit
20000000    20000000    00002326   00000000    rw-
  20000000    20000000    0000026c   00000000    rw- .vtable
  20000270    20000270    00001000   00000000    rw- .stack
  20001270    20001270    00001000   00000000    rw- .sysmem
  20002270    20002270    000000a5   00000000    rw- .bss
  20002318    20002318    0000000e   00000000    rw- .data


SECTION ALLOCATION MAP

 output                                  attributes/
section   page    origin      length       input sections
--------  ----  ----------  ----------   ----------------
.intvecs   0    00000000    0000026c     
                  00000000    0000026c     tm4c123gh6pm_startup_ccs.obj (.intvecs)

.text      0    0000026c    00002f7c     
                  0000026c    00000a4e     rtsv7M4_T_le_v4SPD16_eabi.lib : _printfi.c.obj (.text:__TI_printfi)
                  00000cba    00000002                                   : div0.asm.obj (.text)
                  00000cbc    00000328     lcd.obj (.text)
                  00000fe4    000002a8     libcybotUART.lib : uart.obj (.text)
                  0000128c    00000270     rtsv7M4_T_le_v4SPD16_eabi.lib : _printfi.c.obj (.text:_pconv_a)
                  000014fc    00000260     libcybotScan.lib : cyBot_Scan.obj (.text)
                  0000175c    00000248     Timer.obj (.text)
                  000019a4    000001ec     libcybotScan.lib : ping.obj (.text)
                  00001b90    000001d0     rtsv7M4_T_le_v4SPD16_eabi.lib : _printfi.c.obj (.text:_pconv_g)
                  00001d60    000001b6                                   : fd_add_t2.asm.obj (.text)
                  00001f16    00000002     --HOLE-- [fill = 0]
                  00001f18    00000158     libcybotScan.lib : servo.obj (.text)
                  00002070    0000013c     rtsv7M4_T_le_v4SPD16_eabi.lib : _printfi.c.obj (.text:_pconv_e)
                  000021ac    00000136                                   : fd_div_t2.asm.obj (.text)
                  000022e2    00000002     --HOLE-- [fill = 0]
                  000022e4    00000124                                   : _printfi.c.obj (.text:fcvt)
                  00002408    00000118     libcybotScan.lib : ir.obj (.text)
                  00002520    00000110     rtsv7M4_T_le_v4SPD16_eabi.lib : s_scalbn.c.obj (.text:scalbn)
                  00002630    000000fc                                   : fd_mul_t2.asm.obj (.text)
                  0000272c    000000c0     lab5_template.obj (.text)
                  000027ec    000000b1     rtsv7M4_T_le_v4SPD16_eabi.lib : _printfi.c.obj (.text:_ltostr)
                  0000289d    00000001     --HOLE-- [fill = 0]
                  0000289e    0000009c                                   : memcpy_t2.asm.obj (.text)
                  0000293a    00000096                                   : ull_div_t2.asm.obj (.text)
                  000029d0    00000090     button.obj (.text)
                  00002a60    00000086     rtsv7M4_T_le_v4SPD16_eabi.lib : fd_cmp_t2.asm.obj (.text:__aeabi_cdcmple)
                  00002ae6    00000086                                   : fd_cmp_t2.asm.obj (.text:__aeabi_cdrcmple)
                  00002b6c    0000007a                                   : memset_t2.asm.obj (.text)
                  00002be6    0000006e                                   : _printfi.c.obj (.text:_mcpy)
                  00002c54    00000068                                   : copy_decompress_lzss.c.obj (.text:decompress:lzss:__TI_decompress_lzss)
                  00002cbc    00000064                                   : s_frexp.c.obj (.text:frexp)
                  00002d20    00000056                                   : _printfi.c.obj (.text:_pconv_f)
                  00002d76    00000054                                   : _ltoa.c.obj (.text:__TI_ltoa)
                  00002dca    00000052                                   : _printfi.c.obj (.text:_ecpy)
                  00002e1c    0000004c                                   : atoi.c.obj (.text:atoi)
                  00002e68    00000048                                   : fd_toi_t2.asm.obj (.text)
                  00002eb0    00000044                                   : autoinit.c.obj (.text:__TI_auto_init_nobinit_nopinit:__TI_auto_init_nobinit_nopinit)
                  00002ef4    00000040                                   : sprintf.c.obj (.text:sprintf)
                  00002f34    00000040                                   : vsnprintf.c.obj (.text:vsnprintf)
                  00002f74    0000003e                                   : _printfi.c.obj (.text:_fcpy)
                  00002fb2    00000002     --HOLE-- [fill = 0]
                  00002fb4    00000034     driverlib.lib : interrupt.obj (.text:IntRegister)
                  00002fe8    00000034     rtsv7M4_T_le_v4SPD16_eabi.lib : boot_cortex_m.c.obj (.text:_c_int00_noargs:_c_int00_noargs)
                  0000301c    00000030                                   : vsnprintf.c.obj (.text:_outs)
                  0000304c    0000002e                                   : i_tofd_t2.asm.obj (.text)
                  0000307a    00000024     messages.obj (.text)
                  0000309e    0000001c     rtsv7M4_T_le_v4SPD16_eabi.lib : copy_zero_init.c.obj (.text:decompress:ZI:__TI_zero_init_nomemset:__TI_zero_init_nomemset)
                  000030ba    0000001c                                   : memccpy.c.obj (.text:memccpy)
                  000030d6    0000001a                                   : s_copysign.c.obj (.text:copysign)
                  000030f0    00000018                                   : vsnprintf.c.obj (.text:_outc)
                  00003108    00000018                                   : sprintf.c.obj (.text:_outs)
                  00003120    00000018                                   : strcmp.c.obj (.text:strcmp)
                  00003138    00000016                                   : strchr.c.obj (.text:strchr)
                  0000314e    00000014                                   : strcpy.c.obj (.text:strcpy)
                  00003162    00000014                                   : strlen.c.obj (.text:strlen)
                  00003176    00000012                                   : wcslen.c.obj (.text:wcslen)
                  00003188    00000010     driverlib.lib : interrupt.obj (.text:IntMasterEnable)
                  00003198    00000010     lcd.obj (.text:lcd_clear)
                  000031a8    0000000e     rtsv7M4_T_le_v4SPD16_eabi.lib : copy_decompress_none.c.obj (.text:decompress:none:__TI_decompress_none)
                  000031b6    0000000c     driverlib.lib : cpu.obj (.text:CPUcpsie)
                  000031c2    0000000c     tm4c123gh6pm_startup_ccs.obj (.text)
                  000031ce    0000000a     rtsv7M4_T_le_v4SPD16_eabi.lib : sprintf.c.obj (.text:_outc)
                  000031d8    00000008                                   : errno.c.obj (.text:__aeabi_errno_addr)
                  000031e0    00000004                                   : pre_init.c.obj (.text:_system_pre_init)
                  000031e4    00000004                                   : exit.c.obj (.text:abort:abort)

.const     0    000031e8    00000109     
                  000031e8    00000101     rtsv7M4_T_le_v4SPD16_eabi.lib : ctype.c.obj (.const:.string:_ctypes_)
                  000032e9    00000004     lcd.obj (.const:.string:lineAddress$1)
                  000032ed    00000004     lcd.obj (.const:.string:lineAddresses$2)

.cinit     0    000032f8    00000040     
                  000032f8    0000000c     (__TI_handler_table)
                  00003304    00000004     --HOLE-- [fill = 0]
                  00003308    00000008     (.cinit..bss.load) [load image, compression = zero_init]
                  00003310    00000008     (.cinit..vtable.load) [load image, compression = zero_init]
                  00003318    00000007     (.cinit..data.load) [load image, compression = lzss]
                  0000331f    00000001     --HOLE-- [fill = 0]
                  00003320    00000018     (__TI_cinit_table)

.init_array 
*          0    00000000    00000000     UNINITIALIZED

.vtable    0    20000000    0000026c     UNINITIALIZED
                  20000000    0000026c     driverlib.lib : interrupt.obj (.vtable)

.stack     0    20000270    00001000     UNINITIALIZED
                  20000270    00000004     rtsv7M4_T_le_v4SPD16_eabi.lib : boot_cortex_m.c.obj (.stack)
                  20000274    00000ffc     --HOLE--

.sysmem    0    20001270    00001000     UNINITIALIZED
                  20001270    00000010     rtsv7M4_T_le_v4SPD16_eabi.lib : memory.c.obj (.sysmem)
                  20001280    00000ff0     --HOLE--

.bss       0    20002270    000000a5     UNINITIALIZED
                  20002270    00000054     lcd.obj (.bss:lastbuffer$3)
                  200022c4    00000034     (.common:isr_char_buffer)
                  200022f8    00000004     (.common:_timeout_ticks)
                  200022fc    00000004     (.common:fallingEdge)
                  20002300    00000004     (.common:isr_int_value)
                  20002304    00000004     (.common:left_calibration_value)
                  20002308    00000004     (.common:pulseLength)
                  2000230c    00000004     (.common:right_calibration_value)
                  20002310    00000004     (.common:risingEdge)
                  20002314    00000001     (.common:isRisingEdge)

.data      0    20002318    0000000e     UNINITIALIZED
                  20002318    00000004     libcybotScan.lib : cyBot_Scan.obj (.data)
                  2000231c    00000004     libcybotUART.lib : uart.obj (.data)
                  20002320    00000004     rtsv7M4_T_le_v4SPD16_eabi.lib : errno.c.obj (.data)
                  20002324    00000001     Timer.obj (.data)
                  20002325    00000001     button.obj (.data)

__llvm_prf_cnts 
*          0    20000000    00000000     UNINITIALIZED

MODULE SUMMARY

       Module                         code    ro data   rw data
       ------                         ----    -------   -------
    .\
       lcd.obj                        824     8         84     
       tm4c123gh6pm_startup_ccs.obj   12      620       0      
       Timer.obj                      584     0         5      
       lab5_template.obj              192     0         8      
       button.obj                     144     0         1      
       messages.obj                   36      0         0      
    +--+------------------------------+-------+---------+---------+
       Total:                         1792    628       98     
                                                               
    ../libcybotScan.lib
       cyBot_Scan.obj                 608     0         4      
       ping.obj                       492     0         13     
       servo.obj                      344     0         0      
       ir.obj                         280     0         4      
    +--+------------------------------+-------+---------+---------+
       Total:                         1724    0         21     
                                                               
    ../libcybotUART.lib
       uart.obj                       680     0         56     
    +--+------------------------------+-------+---------+---------+
       Total:                         680     0         56     
                                                               
    C:/ti/TivaWare_C_Series-2.2.0.295/driverlib/ccs/Debug/driverlib.lib
       interrupt.obj                  68      0         620    
       cpu.obj                        12      0         0      
    +--+------------------------------+-------+---------+---------+
       Total:                         80      0         620    
                                                               
    C:\ti\ccs1271\ccs\tools\compiler\ti-cgt-arm_20.2.7.LTS\lib\rtsv7M4_T_le_v4SPD16_eabi.lib
       _printfi.c.obj                 4851    0         0      
       fd_add_t2.asm.obj              438     0         0      
       fd_div_t2.asm.obj              310     0         0      
       s_scalbn.c.obj                 272     0         0      
       fd_cmp_t2.asm.obj              268     0         0      
       ctype.c.obj                    0       257       0      
       fd_mul_t2.asm.obj              252     0         0      
       memcpy_t2.asm.obj              156     0         0      
       ull_div_t2.asm.obj             150     0         0      
       vsnprintf.c.obj                136     0         0      
       memset_t2.asm.obj              122     0         0      
       copy_decompress_lzss.c.obj     104     0         0      
       s_frexp.c.obj                  100     0         0      
       sprintf.c.obj                  98      0         0      
       _ltoa.c.obj                    84      0         0      
       atoi.c.obj                     76      0         0      
       fd_toi_t2.asm.obj              72      0         0      
       autoinit.c.obj                 68      0         0      
       boot_cortex_m.c.obj            52      0         0      
       i_tofd_t2.asm.obj              46      0         0      
       copy_zero_init.c.obj           28      0         0      
       memccpy.c.obj                  28      0         0      
       s_copysign.c.obj               26      0         0      
       strcmp.c.obj                   24      0         0      
       strchr.c.obj                   22      0         0      
       strcpy.c.obj                   20      0         0      
       strlen.c.obj                   20      0         0      
       wcslen.c.obj                   18      0         0      
       copy_decompress_none.c.obj     14      0         0      
       errno.c.obj                    8       0         4      
       exit.c.obj                     4       0         0      
       pre_init.c.obj                 4       0         0      
       div0.asm.obj                   2       0         0      
    +--+------------------------------+-------+---------+---------+
       Total:                         7873    257       4      
                                                               
       Heap:                          0       0         4096   
       Stack:                         0       0         4096   
       Linker Generated:              0       59        0      
    +--+------------------------------+-------+---------+---------+
       Grand Total:                   12149   944       8991   


LINKER GENERATED COPY TABLES

__TI_cinit_table @ 00003320 records: 3, size/record: 8, table size: 24
	.bss: load addr=00003308, load size=00000008 bytes, run addr=20002270, run size=000000a5 bytes, compression=zero_init
	.vtable: load addr=00003310, load size=00000008 bytes, run addr=20000000, run size=0000026c bytes, compression=zero_init
	.data: load addr=00003318, load size=00000007 bytes, run addr=20002318, run size=0000000e bytes, compression=lzss


LINKER GENERATED HANDLER TABLE

__TI_handler_table @ 000032f8 records: 3, size/record: 4, table size: 12
	index: 0, handler: __TI_zero_init
	index: 1, handler: __TI_decompress_lzss
	index: 2, handler: __TI_decompress_none


GLOBAL SYMBOLS: SORTED ALPHABETICALLY BY Name 

address   name                          
-------   ----                          
000024a1  ADC0SS0_Handler               
000031e5  C$$EXIT                       
000031b7  CPUcpsie                      
00003189  IntMasterEnable               
00002fb5  IntRegister                   
000031c3  ResetISR                      
00001a95  TIMER3B_Handler               
20001270  __STACK_END                   
00001000  __STACK_SIZE                  
20000470  __STACK_TOP                   
00001000  __SYSMEM_SIZE                 
00003320  __TI_CINIT_Base               
00003338  __TI_CINIT_Limit              
000032f8  __TI_Handler_Table_Base       
00003304  __TI_Handler_Table_Limit      
00002eb1  __TI_auto_init_nobinit_nopinit
00002c55  __TI_decompress_lzss          
000031a9  __TI_decompress_none          
00002d77  __TI_ltoa                     
ffffffff  __TI_pprof_out_hndl           
0000026d  __TI_printfi                  
ffffffff  __TI_prof_data_size           
ffffffff  __TI_prof_data_start          
00000000  __TI_static_base__            
0000309f  __TI_zero_init_nomemset       
00002a61  __aeabi_cdcmpeq               
00002a61  __aeabi_cdcmple               
00002ae7  __aeabi_cdrcmple              
00002e69  __aeabi_d2iz                  
00001d6b  __aeabi_dadd                  
000021ad  __aeabi_ddiv                  
00002631  __aeabi_dmul                  
00001d61  __aeabi_dsub                  
000031d9  __aeabi_errno_addr            
0000304d  __aeabi_i2d                   
00000cbb  __aeabi_idiv0                 
00000cbb  __aeabi_ldiv0                 
00002b6d  __aeabi_memclr                
00002b6d  __aeabi_memclr4               
00002b6d  __aeabi_memclr8               
0000289f  __aeabi_memcpy                
0000289f  __aeabi_memcpy4               
0000289f  __aeabi_memcpy8               
00002b6f  __aeabi_memset                
00002b6f  __aeabi_memset4               
00002b6f  __aeabi_memset8               
0000293b  __aeabi_uldivmod              
ffffffff  __binit__                     
ffffffff  __c_args__                    
UNDEFED   __mpu_init                    
20000270  __stack                       
20000000  __start___llvm_prf_cnts       
20000000  __stop___llvm_prf_cnts        
00002fe9  _c_int00_noargs               
000031e8  _ctypes_                      
20002324  _running                      
20001270  _sys_memory                   
UNDEFED   _system_post_cinit            
000031e1  _system_pre_init              
200022f8  _timeout_ticks                
000031e5  abort                         
00002e1d  atoi                          
ffffffff  binit                         
00002a05  button_getButton              
000029d1  button_init                   
000030d7  copysign                      
000030d7  copysignl                     
000015d5  cyBOT_SERVO_cal               
00001563  cyBOT_Scan                    
0000150b  cyBOT_init_Scan               
20002318  cyBOT_scan_features           
000014fd  cyBOT_scan_version            
00001231  cyBot_UART1_Handler           
00001223  cyBot_getByte_blocking        
00001203  cyBot_getByte_nonblocking     
00000fe5  cyBot_sendByte                
000011e9  cyBot_uart_flush              
00001153  cyBot_uart_init               
000010f3  cyBot_uart_init_PHJ_first_half
0000109b  cyBot_uart_init_clean         
00001023  cyBot_uart_init_last_half     
0000100b  cyBot_uart_sendBuffer         
00000ff1  cyBot_uart_sendStr            
20002320  errno                         
200022fc  fallingEdge                   
00002cbd  frexp                         
00002cbd  frexpl                        
20000000  g_pfnRAMVectors               
00000000  g_pfnVectors                  
000024b7  ir_enableInterrupt            
00002499  ir_getDistance                
00002471  ir_getValue                   
00002409  ir_init                       
20002314  isRisingEdge                  
200022c4  isr_char_buffer               
2000231c  isr_counter                   
20002300  isr_int_value                 
00003199  lcd_clear                     
00000e91  lcd_gotoLine                  
00000cf9  lcd_init                      
00000ef7  lcd_printf                    
00000db9  lcd_putc                      
00000df1  lcd_puts                      
00000cbd  lcd_reverseNibble             
00000e0f  lcd_sendCommand               
00000e4d  lcd_sendNibble                
00000eb9  lcd_setCursorPos              
00002521  ldexp                         
00002521  ldexpl                        
20002304  left_calibration_value        
0000272d  main                          
000030bb  memccpy                       
0000289f  memcpy                        
00002b75  memset                        
00001ae7  ping_getDistance              
000019a5  ping_init                     
00001a2b  ping_trigger                  
20002308  pulseLength                   
2000230c  right_calibration_value       
20002310  risingEdge                    
00002521  scalbn                        
00002521  scalbnl                       
0000307b  sendMessage                   
00001f19  servo_init                    
00001fa9  servo_move                    
00002009  servo_setPWM                  
00001f9d  servo_stop                    
00002ef5  sprintf                       
00003139  strchr                        
00003121  strcmp                        
0000314f  strcpy                        
00003163  strlen                        
0000187b  timer_getMicros               
00001823  timer_getMillis               
0000175d  timer_init                    
000017ff  timer_pause                   
00001811  timer_resume                  
000017d5  timer_stop                    
000018d5  timer_waitMicros              
00001907  timer_waitMillis              
00002f35  vsnprintf                     
00003177  wcslen                        


GLOBAL SYMBOLS: SORTED BY Symbol Address 

address   name                          
-------   ----                          
00000000  __TI_static_base__            
00000000  g_pfnVectors                  
0000026d  __TI_printfi                  
00000cbb  __aeabi_idiv0                 
00000cbb  __aeabi_ldiv0                 
00000cbd  lcd_reverseNibble             
00000cf9  lcd_init                      
00000db9  lcd_putc                      
00000df1  lcd_puts                      
00000e0f  lcd_sendCommand               
00000e4d  lcd_sendNibble                
00000e91  lcd_gotoLine                  
00000eb9  lcd_setCursorPos              
00000ef7  lcd_printf                    
00000fe5  cyBot_sendByte                
00000ff1  cyBot_uart_sendStr            
00001000  __STACK_SIZE                  
00001000  __SYSMEM_SIZE                 
0000100b  cyBot_uart_sendBuffer         
00001023  cyBot_uart_init_last_half     
0000109b  cyBot_uart_init_clean         
000010f3  cyBot_uart_init_PHJ_first_half
00001153  cyBot_uart_init               
000011e9  cyBot_uart_flush              
00001203  cyBot_getByte_nonblocking     
00001223  cyBot_getByte_blocking        
00001231  cyBot_UART1_Handler           
000014fd  cyBOT_scan_version            
0000150b  cyBOT_init_Scan               
00001563  cyBOT_Scan                    
000015d5  cyBOT_SERVO_cal               
0000175d  timer_init                    
000017d5  timer_stop                    
000017ff  timer_pause                   
00001811  timer_resume                  
00001823  timer_getMillis               
0000187b  timer_getMicros               
000018d5  timer_waitMicros              
00001907  timer_waitMillis              
000019a5  ping_init                     
00001a2b  ping_trigger                  
00001a95  TIMER3B_Handler               
00001ae7  ping_getDistance              
00001d61  __aeabi_dsub                  
00001d6b  __aeabi_dadd                  
00001f19  servo_init                    
00001f9d  servo_stop                    
00001fa9  servo_move                    
00002009  servo_setPWM                  
000021ad  __aeabi_ddiv                  
00002409  ir_init                       
00002471  ir_getValue                   
00002499  ir_getDistance                
000024a1  ADC0SS0_Handler               
000024b7  ir_enableInterrupt            
00002521  ldexp                         
00002521  ldexpl                        
00002521  scalbn                        
00002521  scalbnl                       
00002631  __aeabi_dmul                  
0000272d  main                          
0000289f  __aeabi_memcpy                
0000289f  __aeabi_memcpy4               
0000289f  __aeabi_memcpy8               
0000289f  memcpy                        
0000293b  __aeabi_uldivmod              
000029d1  button_init                   
00002a05  button_getButton              
00002a61  __aeabi_cdcmpeq               
00002a61  __aeabi_cdcmple               
00002ae7  __aeabi_cdrcmple              
00002b6d  __aeabi_memclr                
00002b6d  __aeabi_memclr4               
00002b6d  __aeabi_memclr8               
00002b6f  __aeabi_memset                
00002b6f  __aeabi_memset4               
00002b6f  __aeabi_memset8               
00002b75  memset                        
00002c55  __TI_decompress_lzss          
00002cbd  frexp                         
00002cbd  frexpl                        
00002d77  __TI_ltoa                     
00002e1d  atoi                          
00002e69  __aeabi_d2iz                  
00002eb1  __TI_auto_init_nobinit_nopinit
00002ef5  sprintf                       
00002f35  vsnprintf                     
00002fb5  IntRegister                   
00002fe9  _c_int00_noargs               
0000304d  __aeabi_i2d                   
0000307b  sendMessage                   
0000309f  __TI_zero_init_nomemset       
000030bb  memccpy                       
000030d7  copysign                      
000030d7  copysignl                     
00003121  strcmp                        
00003139  strchr                        
0000314f  strcpy                        
00003163  strlen                        
00003177  wcslen                        
00003189  IntMasterEnable               
00003199  lcd_clear                     
000031a9  __TI_decompress_none          
000031b7  CPUcpsie                      
000031c3  ResetISR                      
000031d9  __aeabi_errno_addr            
000031e1  _system_pre_init              
000031e5  C$$EXIT                       
000031e5  abort                         
000031e8  _ctypes_                      
000032f8  __TI_Handler_Table_Base       
00003304  __TI_Handler_Table_Limit      
00003320  __TI_CINIT_Base               
00003338  __TI_CINIT_Limit              
20000000  __start___llvm_prf_cnts       
20000000  __stop___llvm_prf_cnts        
20000000  g_pfnRAMVectors               
20000270  __stack                       
20000470  __STACK_TOP                   
20001270  __STACK_END                   
20001270  _sys_memory                   
200022c4  isr_char_buffer               
200022f8  _timeout_ticks                
200022fc  fallingEdge                   
20002300  isr_int_value                 
20002304  left_calibration_value        
20002308  pulseLength                   
2000230c  right_calibration_value       
20002310  risingEdge                    
20002314  isRisingEdge                  
20002318  cyBOT_scan_features           
2000231c  isr_counter                   
20002320  errno                         
20002324  _running                      
ffffffff  __TI_pprof_out_hndl           
ffffffff  __TI_prof_data_size           
ffffffff  __TI_prof_data_start          
ffffffff  __binit__                     
ffffffff  __c_args__                    
ffffffff  binit                         
UNDEFED   __mpu_init                    
UNDEFED   _system_post_cinit            

[142 symbols]
